Archive member included to satisfy reference by file (symbol)

c:/st/stm32cubeide_1.12.1/stm32cubeide/plugins/com.st.stm32cube.ide.mcu.externaltools.gnu-tools-for-stm32.10.3-2021.10.win32_1.0.200.202301161003/tools/bin/../lib/gcc/arm-none-eabi/10.3.1/../../../../arm-none-eabi/lib/thumb/v7-m/nofp\libc_nano.a(lib_a-errno.o)
                              ./Src/syscalls.o (__errno)
c:/st/stm32cubeide_1.12.1/stm32cubeide/plugins/com.st.stm32cube.ide.mcu.externaltools.gnu-tools-for-stm32.10.3-2021.10.win32_1.0.200.202301161003/tools/bin/../lib/gcc/arm-none-eabi/10.3.1/../../../../arm-none-eabi/lib/thumb/v7-m/nofp\libc_nano.a(lib_a-exit.o)
                              c:/st/stm32cubeide_1.12.1/stm32cubeide/plugins/com.st.stm32cube.ide.mcu.externaltools.gnu-tools-for-stm32.10.3-2021.10.win32_1.0.200.202301161003/tools/bin/../lib/gcc/arm-none-eabi/10.3.1/../../../../arm-none-eabi/lib/thumb/v7-m/nofp/crt0.o (exit)
c:/st/stm32cubeide_1.12.1/stm32cubeide/plugins/com.st.stm32cube.ide.mcu.externaltools.gnu-tools-for-stm32.10.3-2021.10.win32_1.0.200.202301161003/tools/bin/../lib/gcc/arm-none-eabi/10.3.1/../../../../arm-none-eabi/lib/thumb/v7-m/nofp\libc_nano.a(lib_a-impure.o)
                              c:/st/stm32cubeide_1.12.1/stm32cubeide/plugins/com.st.stm32cube.ide.mcu.externaltools.gnu-tools-for-stm32.10.3-2021.10.win32_1.0.200.202301161003/tools/bin/../lib/gcc/arm-none-eabi/10.3.1/../../../../arm-none-eabi/lib/thumb/v7-m/nofp\libc_nano.a(lib_a-exit.o) (_global_impure_ptr)
c:/st/stm32cubeide_1.12.1/stm32cubeide/plugins/com.st.stm32cube.ide.mcu.externaltools.gnu-tools-for-stm32.10.3-2021.10.win32_1.0.200.202301161003/tools/bin/../lib/gcc/arm-none-eabi/10.3.1/../../../../arm-none-eabi/lib/thumb/v7-m/nofp\libc_nano.a(lib_a-init.o)
                              c:/st/stm32cubeide_1.12.1/stm32cubeide/plugins/com.st.stm32cube.ide.mcu.externaltools.gnu-tools-for-stm32.10.3-2021.10.win32_1.0.200.202301161003/tools/bin/../lib/gcc/arm-none-eabi/10.3.1/../../../../arm-none-eabi/lib/thumb/v7-m/nofp/crt0.o (__libc_init_array)
c:/st/stm32cubeide_1.12.1/stm32cubeide/plugins/com.st.stm32cube.ide.mcu.externaltools.gnu-tools-for-stm32.10.3-2021.10.win32_1.0.200.202301161003/tools/bin/../lib/gcc/arm-none-eabi/10.3.1/../../../../arm-none-eabi/lib/thumb/v7-m/nofp\libc_nano.a(lib_a-memset.o)
                              c:/st/stm32cubeide_1.12.1/stm32cubeide/plugins/com.st.stm32cube.ide.mcu.externaltools.gnu-tools-for-stm32.10.3-2021.10.win32_1.0.200.202301161003/tools/bin/../lib/gcc/arm-none-eabi/10.3.1/../../../../arm-none-eabi/lib/thumb/v7-m/nofp/crt0.o (memset)
c:/st/stm32cubeide_1.12.1/stm32cubeide/plugins/com.st.stm32cube.ide.mcu.externaltools.gnu-tools-for-stm32.10.3-2021.10.win32_1.0.200.202301161003/tools/bin/../lib/gcc/arm-none-eabi/10.3.1/../../../../arm-none-eabi/lib/thumb/v7-m/nofp\libc_nano.a(lib_a-strlen.o)
                              ./Src/003_spi_tx_test.o (strlen)

Discarded input sections

 .text          0x0000000000000000        0x0 c:/st/stm32cubeide_1.12.1/stm32cubeide/plugins/com.st.stm32cube.ide.mcu.externaltools.gnu-tools-for-stm32.10.3-2021.10.win32_1.0.200.202301161003/tools/bin/../lib/gcc/arm-none-eabi/10.3.1/thumb/v7-m/nofp/crti.o
 .data          0x0000000000000000        0x0 c:/st/stm32cubeide_1.12.1/stm32cubeide/plugins/com.st.stm32cube.ide.mcu.externaltools.gnu-tools-for-stm32.10.3-2021.10.win32_1.0.200.202301161003/tools/bin/../lib/gcc/arm-none-eabi/10.3.1/thumb/v7-m/nofp/crti.o
 .bss           0x0000000000000000        0x0 c:/st/stm32cubeide_1.12.1/stm32cubeide/plugins/com.st.stm32cube.ide.mcu.externaltools.gnu-tools-for-stm32.10.3-2021.10.win32_1.0.200.202301161003/tools/bin/../lib/gcc/arm-none-eabi/10.3.1/thumb/v7-m/nofp/crti.o
 .data          0x0000000000000000        0x4 c:/st/stm32cubeide_1.12.1/stm32cubeide/plugins/com.st.stm32cube.ide.mcu.externaltools.gnu-tools-for-stm32.10.3-2021.10.win32_1.0.200.202301161003/tools/bin/../lib/gcc/arm-none-eabi/10.3.1/thumb/v7-m/nofp/crtbegin.o
 .rodata        0x0000000000000000       0x24 c:/st/stm32cubeide_1.12.1/stm32cubeide/plugins/com.st.stm32cube.ide.mcu.externaltools.gnu-tools-for-stm32.10.3-2021.10.win32_1.0.200.202301161003/tools/bin/../lib/gcc/arm-none-eabi/10.3.1/thumb/v7-m/nofp/crtbegin.o
 .text          0x0000000000000000       0x7c c:/st/stm32cubeide_1.12.1/stm32cubeide/plugins/com.st.stm32cube.ide.mcu.externaltools.gnu-tools-for-stm32.10.3-2021.10.win32_1.0.200.202301161003/tools/bin/../lib/gcc/arm-none-eabi/10.3.1/../../../../arm-none-eabi/lib/thumb/v7-m/nofp/crt0.o
 .data          0x0000000000000000        0x0 c:/st/stm32cubeide_1.12.1/stm32cubeide/plugins/com.st.stm32cube.ide.mcu.externaltools.gnu-tools-for-stm32.10.3-2021.10.win32_1.0.200.202301161003/tools/bin/../lib/gcc/arm-none-eabi/10.3.1/../../../../arm-none-eabi/lib/thumb/v7-m/nofp/crt0.o
 .bss           0x0000000000000000        0x0 c:/st/stm32cubeide_1.12.1/stm32cubeide/plugins/com.st.stm32cube.ide.mcu.externaltools.gnu-tools-for-stm32.10.3-2021.10.win32_1.0.200.202301161003/tools/bin/../lib/gcc/arm-none-eabi/10.3.1/../../../../arm-none-eabi/lib/thumb/v7-m/nofp/crt0.o
 .ARM.extab     0x0000000000000000        0x0 c:/st/stm32cubeide_1.12.1/stm32cubeide/plugins/com.st.stm32cube.ide.mcu.externaltools.gnu-tools-for-stm32.10.3-2021.10.win32_1.0.200.202301161003/tools/bin/../lib/gcc/arm-none-eabi/10.3.1/../../../../arm-none-eabi/lib/thumb/v7-m/nofp/crt0.o
 .ARM.exidx     0x0000000000000000       0x10 c:/st/stm32cubeide_1.12.1/stm32cubeide/plugins/com.st.stm32cube.ide.mcu.externaltools.gnu-tools-for-stm32.10.3-2021.10.win32_1.0.200.202301161003/tools/bin/../lib/gcc/arm-none-eabi/10.3.1/../../../../arm-none-eabi/lib/thumb/v7-m/nofp/crt0.o
 .ARM.attributes
                0x0000000000000000       0x1b c:/st/stm32cubeide_1.12.1/stm32cubeide/plugins/com.st.stm32cube.ide.mcu.externaltools.gnu-tools-for-stm32.10.3-2021.10.win32_1.0.200.202301161003/tools/bin/../lib/gcc/arm-none-eabi/10.3.1/../../../../arm-none-eabi/lib/thumb/v7-m/nofp/crt0.o
 .group         0x0000000000000000        0xc ./Drivers/Src/STM32F207ZGxx_Gpio_Driver.o
 .group         0x0000000000000000        0xc ./Drivers/Src/STM32F207ZGxx_Gpio_Driver.o
 .group         0x0000000000000000        0xc ./Drivers/Src/STM32F207ZGxx_Gpio_Driver.o
 .group         0x0000000000000000        0xc ./Drivers/Src/STM32F207ZGxx_Gpio_Driver.o
 .group         0x0000000000000000        0xc ./Drivers/Src/STM32F207ZGxx_Gpio_Driver.o
 .group         0x0000000000000000        0xc ./Drivers/Src/STM32F207ZGxx_Gpio_Driver.o
 .group         0x0000000000000000        0xc ./Drivers/Src/STM32F207ZGxx_Gpio_Driver.o
 .group         0x0000000000000000        0xc ./Drivers/Src/STM32F207ZGxx_Gpio_Driver.o
 .group         0x0000000000000000        0xc ./Drivers/Src/STM32F207ZGxx_Gpio_Driver.o
 .group         0x0000000000000000        0xc ./Drivers/Src/STM32F207ZGxx_Gpio_Driver.o
 .group         0x0000000000000000        0xc ./Drivers/Src/STM32F207ZGxx_Gpio_Driver.o
 .group         0x0000000000000000        0xc ./Drivers/Src/STM32F207ZGxx_Gpio_Driver.o
 .group         0x0000000000000000        0xc ./Drivers/Src/STM32F207ZGxx_Gpio_Driver.o
 .group         0x0000000000000000        0xc ./Drivers/Src/STM32F207ZGxx_Gpio_Driver.o
 .group         0x0000000000000000        0xc ./Drivers/Src/STM32F207ZGxx_Gpio_Driver.o
 .group         0x0000000000000000        0xc ./Drivers/Src/STM32F207ZGxx_Gpio_Driver.o
 .group         0x0000000000000000        0xc ./Drivers/Src/STM32F207ZGxx_Gpio_Driver.o
 .group         0x0000000000000000        0xc ./Drivers/Src/STM32F207ZGxx_Gpio_Driver.o
 .group         0x0000000000000000        0xc ./Drivers/Src/STM32F207ZGxx_Gpio_Driver.o
 .group         0x0000000000000000        0xc ./Drivers/Src/STM32F207ZGxx_Gpio_Driver.o
 .group         0x0000000000000000        0xc ./Drivers/Src/STM32F207ZGxx_Gpio_Driver.o
 .group         0x0000000000000000        0xc ./Drivers/Src/STM32F207ZGxx_Gpio_Driver.o
 .group         0x0000000000000000        0xc ./Drivers/Src/STM32F207ZGxx_Gpio_Driver.o
 .group         0x0000000000000000        0xc ./Drivers/Src/STM32F207ZGxx_Gpio_Driver.o
 .group         0x0000000000000000        0xc ./Drivers/Src/STM32F207ZGxx_Gpio_Driver.o
 .group         0x0000000000000000        0xc ./Drivers/Src/STM32F207ZGxx_Gpio_Driver.o
 .text          0x0000000000000000        0x0 ./Drivers/Src/STM32F207ZGxx_Gpio_Driver.o
 .data          0x0000000000000000        0x0 ./Drivers/Src/STM32F207ZGxx_Gpio_Driver.o
 .bss           0x0000000000000000        0x0 ./Drivers/Src/STM32F207ZGxx_Gpio_Driver.o
 .text.GPIO_DeInit
                0x0000000000000000       0xec ./Drivers/Src/STM32F207ZGxx_Gpio_Driver.o
 .text.GPIO_ReadFromInputPin
                0x0000000000000000       0x2a ./Drivers/Src/STM32F207ZGxx_Gpio_Driver.o
 .text.GPIO_ReadFromInputPort
                0x0000000000000000       0x1a ./Drivers/Src/STM32F207ZGxx_Gpio_Driver.o
 .text.GPIO_WriteToOutputPin
                0x0000000000000000       0x48 ./Drivers/Src/STM32F207ZGxx_Gpio_Driver.o
 .text.GPIO_WriteToOutputPort
                0x0000000000000000       0x1c ./Drivers/Src/STM32F207ZGxx_Gpio_Driver.o
 .text.GPIO_ToggleOutputPin
                0x0000000000000000       0x28 ./Drivers/Src/STM32F207ZGxx_Gpio_Driver.o
 .text.GPIO_InterruptConfig
                0x0000000000000000      0x108 ./Drivers/Src/STM32F207ZGxx_Gpio_Driver.o
 .text.GPIO_PriorityConfig
                0x0000000000000000       0x52 ./Drivers/Src/STM32F207ZGxx_Gpio_Driver.o
 .text.GPIO_IRQHandling
                0x0000000000000000       0x40 ./Drivers/Src/STM32F207ZGxx_Gpio_Driver.o
 .group         0x0000000000000000        0xc ./Drivers/Src/STM32F207ZGxx_SPI_Driver.o
 .group         0x0000000000000000        0xc ./Drivers/Src/STM32F207ZGxx_SPI_Driver.o
 .group         0x0000000000000000        0xc ./Drivers/Src/STM32F207ZGxx_SPI_Driver.o
 .group         0x0000000000000000        0xc ./Drivers/Src/STM32F207ZGxx_SPI_Driver.o
 .group         0x0000000000000000        0xc ./Drivers/Src/STM32F207ZGxx_SPI_Driver.o
 .group         0x0000000000000000        0xc ./Drivers/Src/STM32F207ZGxx_SPI_Driver.o
 .group         0x0000000000000000        0xc ./Drivers/Src/STM32F207ZGxx_SPI_Driver.o
 .group         0x0000000000000000        0xc ./Drivers/Src/STM32F207ZGxx_SPI_Driver.o
 .group         0x0000000000000000        0xc ./Drivers/Src/STM32F207ZGxx_SPI_Driver.o
 .group         0x0000000000000000        0xc ./Drivers/Src/STM32F207ZGxx_SPI_Driver.o
 .group         0x0000000000000000        0xc ./Drivers/Src/STM32F207ZGxx_SPI_Driver.o
 .group         0x0000000000000000        0xc ./Drivers/Src/STM32F207ZGxx_SPI_Driver.o
 .group         0x0000000000000000        0xc ./Drivers/Src/STM32F207ZGxx_SPI_Driver.o
 .group         0x0000000000000000        0xc ./Drivers/Src/STM32F207ZGxx_SPI_Driver.o
 .group         0x0000000000000000        0xc ./Drivers/Src/STM32F207ZGxx_SPI_Driver.o
 .group         0x0000000000000000        0xc ./Drivers/Src/STM32F207ZGxx_SPI_Driver.o
 .group         0x0000000000000000        0xc ./Drivers/Src/STM32F207ZGxx_SPI_Driver.o
 .group         0x0000000000000000        0xc ./Drivers/Src/STM32F207ZGxx_SPI_Driver.o
 .group         0x0000000000000000        0xc ./Drivers/Src/STM32F207ZGxx_SPI_Driver.o
 .group         0x0000000000000000        0xc ./Drivers/Src/STM32F207ZGxx_SPI_Driver.o
 .group         0x0000000000000000        0xc ./Drivers/Src/STM32F207ZGxx_SPI_Driver.o
 .group         0x0000000000000000        0xc ./Drivers/Src/STM32F207ZGxx_SPI_Driver.o
 .group         0x0000000000000000        0xc ./Drivers/Src/STM32F207ZGxx_SPI_Driver.o
 .group         0x0000000000000000        0xc ./Drivers/Src/STM32F207ZGxx_SPI_Driver.o
 .group         0x0000000000000000        0xc ./Drivers/Src/STM32F207ZGxx_SPI_Driver.o
 .group         0x0000000000000000        0xc ./Drivers/Src/STM32F207ZGxx_SPI_Driver.o
 .text          0x0000000000000000        0x0 ./Drivers/Src/STM32F207ZGxx_SPI_Driver.o
 .data          0x0000000000000000        0x0 ./Drivers/Src/STM32F207ZGxx_SPI_Driver.o
 .bss           0x0000000000000000        0x0 ./Drivers/Src/STM32F207ZGxx_SPI_Driver.o
 .text.SPI_DeInit
                0x0000000000000000       0x88 ./Drivers/Src/STM32F207ZGxx_SPI_Driver.o
 .text.SPI_ReceiveData
                0x0000000000000000       0x6e ./Drivers/Src/STM32F207ZGxx_SPI_Driver.o
 .text.SPI_SSOEConfig
                0x0000000000000000       0x36 ./Drivers/Src/STM32F207ZGxx_SPI_Driver.o
 .text.SPI_InterruptConfig
                0x0000000000000000       0x1a ./Drivers/Src/STM32F207ZGxx_SPI_Driver.o
 .text.SPI_PriorityConfig
                0x0000000000000000       0x16 ./Drivers/Src/STM32F207ZGxx_SPI_Driver.o
 .text.SPI_IRQHandling
                0x0000000000000000       0x12 ./Drivers/Src/STM32F207ZGxx_SPI_Driver.o
 .debug_macro   0x0000000000000000      0xa72 ./Drivers/Src/STM32F207ZGxx_SPI_Driver.o
 .debug_macro   0x0000000000000000       0x22 ./Drivers/Src/STM32F207ZGxx_SPI_Driver.o
 .debug_macro   0x0000000000000000       0x4c ./Drivers/Src/STM32F207ZGxx_SPI_Driver.o
 .debug_macro   0x0000000000000000       0x18 ./Drivers/Src/STM32F207ZGxx_SPI_Driver.o
 .debug_macro   0x0000000000000000       0x94 ./Drivers/Src/STM32F207ZGxx_SPI_Driver.o
 .debug_macro   0x0000000000000000       0x3c ./Drivers/Src/STM32F207ZGxx_SPI_Driver.o
 .debug_macro   0x0000000000000000       0x34 ./Drivers/Src/STM32F207ZGxx_SPI_Driver.o
 .debug_macro   0x0000000000000000      0x174 ./Drivers/Src/STM32F207ZGxx_SPI_Driver.o
 .debug_macro   0x0000000000000000       0x16 ./Drivers/Src/STM32F207ZGxx_SPI_Driver.o
 .debug_macro   0x0000000000000000       0x43 ./Drivers/Src/STM32F207ZGxx_SPI_Driver.o
 .debug_macro   0x0000000000000000       0x57 ./Drivers/Src/STM32F207ZGxx_SPI_Driver.o
 .debug_macro   0x0000000000000000       0x34 ./Drivers/Src/STM32F207ZGxx_SPI_Driver.o
 .debug_macro   0x0000000000000000       0x10 ./Drivers/Src/STM32F207ZGxx_SPI_Driver.o
 .debug_macro   0x0000000000000000       0x58 ./Drivers/Src/STM32F207ZGxx_SPI_Driver.o
 .debug_macro   0x0000000000000000       0x71 ./Drivers/Src/STM32F207ZGxx_SPI_Driver.o
 .debug_macro   0x0000000000000000       0x1c ./Drivers/Src/STM32F207ZGxx_SPI_Driver.o
 .debug_macro   0x0000000000000000      0x12a ./Drivers/Src/STM32F207ZGxx_SPI_Driver.o
 .debug_macro   0x0000000000000000      0x341 ./Drivers/Src/STM32F207ZGxx_SPI_Driver.o
 .debug_macro   0x0000000000000000       0x10 ./Drivers/Src/STM32F207ZGxx_SPI_Driver.o
 .debug_macro   0x0000000000000000       0x35 ./Drivers/Src/STM32F207ZGxx_SPI_Driver.o
 .debug_macro   0x0000000000000000       0x20 ./Drivers/Src/STM32F207ZGxx_SPI_Driver.o
 .debug_macro   0x0000000000000000      0x103 ./Drivers/Src/STM32F207ZGxx_SPI_Driver.o
 .debug_macro   0x0000000000000000       0x6a ./Drivers/Src/STM32F207ZGxx_SPI_Driver.o
 .debug_macro   0x0000000000000000      0x1df ./Drivers/Src/STM32F207ZGxx_SPI_Driver.o
 .debug_macro   0x0000000000000000      0x4a0 ./Drivers/Src/STM32F207ZGxx_SPI_Driver.o
 .group         0x0000000000000000        0xc ./Src/003_spi_tx_test.o
 .group         0x0000000000000000        0xc ./Src/003_spi_tx_test.o
 .group         0x0000000000000000        0xc ./Src/003_spi_tx_test.o
 .group         0x0000000000000000        0xc ./Src/003_spi_tx_test.o
 .group         0x0000000000000000        0xc ./Src/003_spi_tx_test.o
 .group         0x0000000000000000        0xc ./Src/003_spi_tx_test.o
 .group         0x0000000000000000        0xc ./Src/003_spi_tx_test.o
 .group         0x0000000000000000        0xc ./Src/003_spi_tx_test.o
 .group         0x0000000000000000        0xc ./Src/003_spi_tx_test.o
 .group         0x0000000000000000        0xc ./Src/003_spi_tx_test.o
 .group         0x0000000000000000        0xc ./Src/003_spi_tx_test.o
 .group         0x0000000000000000        0xc ./Src/003_spi_tx_test.o
 .group         0x0000000000000000        0xc ./Src/003_spi_tx_test.o
 .group         0x0000000000000000        0xc ./Src/003_spi_tx_test.o
 .group         0x0000000000000000        0xc ./Src/003_spi_tx_test.o
 .group         0x0000000000000000        0xc ./Src/003_spi_tx_test.o
 .group         0x0000000000000000        0xc ./Src/003_spi_tx_test.o
 .group         0x0000000000000000        0xc ./Src/003_spi_tx_test.o
 .group         0x0000000000000000        0xc ./Src/003_spi_tx_test.o
 .group         0x0000000000000000        0xc ./Src/003_spi_tx_test.o
 .group         0x0000000000000000        0xc ./Src/003_spi_tx_test.o
 .group         0x0000000000000000        0xc ./Src/003_spi_tx_test.o
 .group         0x0000000000000000        0xc ./Src/003_spi_tx_test.o
 .group         0x0000000000000000        0xc ./Src/003_spi_tx_test.o
 .group         0x0000000000000000        0xc ./Src/003_spi_tx_test.o
 .group         0x0000000000000000        0xc ./Src/003_spi_tx_test.o
 .group         0x0000000000000000        0xc ./Src/003_spi_tx_test.o
 .text          0x0000000000000000        0x0 ./Src/003_spi_tx_test.o
 .data          0x0000000000000000        0x0 ./Src/003_spi_tx_test.o
 .bss           0x0000000000000000        0x0 ./Src/003_spi_tx_test.o
 .debug_macro   0x0000000000000000      0xa72 ./Src/003_spi_tx_test.o
 .debug_macro   0x0000000000000000       0x22 ./Src/003_spi_tx_test.o
 .debug_macro   0x0000000000000000       0x4c ./Src/003_spi_tx_test.o
 .debug_macro   0x0000000000000000       0x18 ./Src/003_spi_tx_test.o
 .debug_macro   0x0000000000000000       0x94 ./Src/003_spi_tx_test.o
 .debug_macro   0x0000000000000000       0x3c ./Src/003_spi_tx_test.o
 .debug_macro   0x0000000000000000       0x34 ./Src/003_spi_tx_test.o
 .debug_macro   0x0000000000000000      0x174 ./Src/003_spi_tx_test.o
 .debug_macro   0x0000000000000000       0x16 ./Src/003_spi_tx_test.o
 .debug_macro   0x0000000000000000       0x43 ./Src/003_spi_tx_test.o
 .debug_macro   0x0000000000000000       0x57 ./Src/003_spi_tx_test.o
 .debug_macro   0x0000000000000000       0x34 ./Src/003_spi_tx_test.o
 .debug_macro   0x0000000000000000       0x10 ./Src/003_spi_tx_test.o
 .debug_macro   0x0000000000000000       0x58 ./Src/003_spi_tx_test.o
 .debug_macro   0x0000000000000000       0x71 ./Src/003_spi_tx_test.o
 .debug_macro   0x0000000000000000       0x1c ./Src/003_spi_tx_test.o
 .debug_macro   0x0000000000000000      0x12a ./Src/003_spi_tx_test.o
 .debug_macro   0x0000000000000000      0x341 ./Src/003_spi_tx_test.o
 .debug_macro   0x0000000000000000       0x10 ./Src/003_spi_tx_test.o
 .debug_macro   0x0000000000000000       0x35 ./Src/003_spi_tx_test.o
 .debug_macro   0x0000000000000000       0x20 ./Src/003_spi_tx_test.o
 .debug_macro   0x0000000000000000      0x103 ./Src/003_spi_tx_test.o
 .debug_macro   0x0000000000000000       0x6a ./Src/003_spi_tx_test.o
 .debug_macro   0x0000000000000000      0x1df ./Src/003_spi_tx_test.o
 .debug_macro   0x0000000000000000      0x4a0 ./Src/003_spi_tx_test.o
 .debug_macro   0x0000000000000000       0xc4 ./Src/003_spi_tx_test.o
 .group         0x0000000000000000        0xc ./Src/syscalls.o
 .group         0x0000000000000000        0xc ./Src/syscalls.o
 .group         0x0000000000000000        0xc ./Src/syscalls.o
 .group         0x0000000000000000        0xc ./Src/syscalls.o
 .group         0x0000000000000000        0xc ./Src/syscalls.o
 .group         0x0000000000000000        0xc ./Src/syscalls.o
 .group         0x0000000000000000        0xc ./Src/syscalls.o
 .group         0x0000000000000000        0xc ./Src/syscalls.o
 .group         0x0000000000000000        0xc ./Src/syscalls.o
 .group         0x0000000000000000        0xc ./Src/syscalls.o
 .group         0x0000000000000000        0xc ./Src/syscalls.o
 .group         0x0000000000000000        0xc ./Src/syscalls.o
 .group         0x0000000000000000        0xc ./Src/syscalls.o
 .group         0x0000000000000000        0xc ./Src/syscalls.o
 .group         0x0000000000000000        0xc ./Src/syscalls.o
 .group         0x0000000000000000        0xc ./Src/syscalls.o
 .group         0x0000000000000000        0xc ./Src/syscalls.o
 .group         0x0000000000000000        0xc ./Src/syscalls.o
 .group         0x0000000000000000        0xc ./Src/syscalls.o
 .group         0x0000000000000000        0xc ./Src/syscalls.o
 .group         0x0000000000000000        0xc ./Src/syscalls.o
 .group         0x0000000000000000        0xc ./Src/syscalls.o
 .group         0x0000000000000000        0xc ./Src/syscalls.o
 .group         0x0000000000000000        0xc ./Src/syscalls.o
 .group         0x0000000000000000        0xc ./Src/syscalls.o
 .group         0x0000000000000000        0xc ./Src/syscalls.o
 .group         0x0000000000000000        0xc ./Src/syscalls.o
 .group         0x0000000000000000        0xc ./Src/syscalls.o
 .group         0x0000000000000000        0xc ./Src/syscalls.o
 .group         0x0000000000000000        0xc ./Src/syscalls.o
 .group         0x0000000000000000        0xc ./Src/syscalls.o
 .group         0x0000000000000000        0xc ./Src/syscalls.o
 .group         0x0000000000000000        0xc ./Src/syscalls.o
 .group         0x0000000000000000        0xc ./Src/syscalls.o
 .group         0x0000000000000000        0xc ./Src/syscalls.o
 .group         0x0000000000000000        0xc ./Src/syscalls.o
 .group         0x0000000000000000        0xc ./Src/syscalls.o
 .group         0x0000000000000000        0xc ./Src/syscalls.o
 .group         0x0000000000000000        0xc ./Src/syscalls.o
 .group         0x0000000000000000        0xc ./Src/syscalls.o
 .group         0x0000000000000000        0xc ./Src/syscalls.o
 .group         0x0000000000000000        0xc ./Src/syscalls.o
 .group         0x0000000000000000        0xc ./Src/syscalls.o
 .group         0x0000000000000000        0xc ./Src/syscalls.o
 .group         0x0000000000000000        0xc ./Src/syscalls.o
 .group         0x0000000000000000        0xc ./Src/syscalls.o
 .group         0x0000000000000000        0xc ./Src/syscalls.o
 .text          0x0000000000000000        0x0 ./Src/syscalls.o
 .data          0x0000000000000000        0x0 ./Src/syscalls.o
 .bss           0x0000000000000000        0x0 ./Src/syscalls.o
 .bss.__env     0x0000000000000000        0x4 ./Src/syscalls.o
 .data.environ  0x0000000000000000        0x4 ./Src/syscalls.o
 .text.initialise_monitor_handles
                0x0000000000000000        0xc ./Src/syscalls.o
 .text._getpid  0x0000000000000000        0xe ./Src/syscalls.o
 .text._kill    0x0000000000000000       0x20 ./Src/syscalls.o
 .text._exit    0x0000000000000000       0x14 ./Src/syscalls.o
 .text._read    0x0000000000000000       0x3a ./Src/syscalls.o
 .text._write   0x0000000000000000       0x38 ./Src/syscalls.o
 .text._close   0x0000000000000000       0x16 ./Src/syscalls.o
 .text._fstat   0x0000000000000000       0x1e ./Src/syscalls.o
 .text._isatty  0x0000000000000000       0x14 ./Src/syscalls.o
 .text._lseek   0x0000000000000000       0x18 ./Src/syscalls.o
 .text._open    0x0000000000000000       0x1a ./Src/syscalls.o
 .text._wait    0x0000000000000000       0x1e ./Src/syscalls.o
 .text._unlink  0x0000000000000000       0x1e ./Src/syscalls.o
 .text._times   0x0000000000000000       0x16 ./Src/syscalls.o
 .text._stat    0x0000000000000000       0x1e ./Src/syscalls.o
 .text._link    0x0000000000000000       0x20 ./Src/syscalls.o
 .text._fork    0x0000000000000000       0x16 ./Src/syscalls.o
 .text._execve  0x0000000000000000       0x22 ./Src/syscalls.o
 .debug_info    0x0000000000000000      0x6e0 ./Src/syscalls.o
 .debug_abbrev  0x0000000000000000      0x1b3 ./Src/syscalls.o
 .debug_aranges
                0x0000000000000000       0xa8 ./Src/syscalls.o
 .debug_ranges  0x0000000000000000       0x98 ./Src/syscalls.o
 .debug_macro   0x0000000000000000      0x24c ./Src/syscalls.o
 .debug_macro   0x0000000000000000      0xa72 ./Src/syscalls.o
 .debug_macro   0x0000000000000000       0x22 ./Src/syscalls.o
 .debug_macro   0x0000000000000000       0x4c ./Src/syscalls.o
 .debug_macro   0x0000000000000000       0x18 ./Src/syscalls.o
 .debug_macro   0x0000000000000000       0x94 ./Src/syscalls.o
 .debug_macro   0x0000000000000000       0x3c ./Src/syscalls.o
 .debug_macro   0x0000000000000000       0x34 ./Src/syscalls.o
 .debug_macro   0x0000000000000000       0x57 ./Src/syscalls.o
 .debug_macro   0x0000000000000000      0x174 ./Src/syscalls.o
 .debug_macro   0x0000000000000000      0x341 ./Src/syscalls.o
 .debug_macro   0x0000000000000000       0x16 ./Src/syscalls.o
 .debug_macro   0x0000000000000000       0x43 ./Src/syscalls.o
 .debug_macro   0x0000000000000000       0x34 ./Src/syscalls.o
 .debug_macro   0x0000000000000000       0x10 ./Src/syscalls.o
 .debug_macro   0x0000000000000000       0x58 ./Src/syscalls.o
 .debug_macro   0x0000000000000000       0x71 ./Src/syscalls.o
 .debug_macro   0x0000000000000000       0x1c ./Src/syscalls.o
 .debug_macro   0x0000000000000000      0x12a ./Src/syscalls.o
 .debug_macro   0x0000000000000000       0x10 ./Src/syscalls.o
 .debug_macro   0x0000000000000000       0x35 ./Src/syscalls.o
 .debug_macro   0x0000000000000000       0x10 ./Src/syscalls.o
 .debug_macro   0x0000000000000000       0x10 ./Src/syscalls.o
 .debug_macro   0x0000000000000000       0x10 ./Src/syscalls.o
 .debug_macro   0x0000000000000000       0x6a ./Src/syscalls.o
 .debug_macro   0x0000000000000000       0x1c ./Src/syscalls.o
 .debug_macro   0x0000000000000000       0x52 ./Src/syscalls.o
 .debug_macro   0x0000000000000000       0x22 ./Src/syscalls.o
 .debug_macro   0x0000000000000000       0x10 ./Src/syscalls.o
 .debug_macro   0x0000000000000000       0x52 ./Src/syscalls.o
 .debug_macro   0x0000000000000000       0xd5 ./Src/syscalls.o
 .debug_macro   0x0000000000000000       0x1c ./Src/syscalls.o
 .debug_macro   0x0000000000000000       0x3d ./Src/syscalls.o
 .debug_macro   0x0000000000000000       0x35 ./Src/syscalls.o
 .debug_macro   0x0000000000000000      0x12c ./Src/syscalls.o
 .debug_macro   0x0000000000000000       0x16 ./Src/syscalls.o
 .debug_macro   0x0000000000000000       0x16 ./Src/syscalls.o
 .debug_macro   0x0000000000000000       0x29 ./Src/syscalls.o
 .debug_macro   0x0000000000000000       0x10 ./Src/syscalls.o
 .debug_macro   0x0000000000000000      0x241 ./Src/syscalls.o
 .debug_macro   0x0000000000000000       0x1c ./Src/syscalls.o
 .debug_macro   0x0000000000000000       0x10 ./Src/syscalls.o
 .debug_macro   0x0000000000000000       0x10 ./Src/syscalls.o
 .debug_macro   0x0000000000000000       0x16 ./Src/syscalls.o
 .debug_macro   0x0000000000000000      0x145 ./Src/syscalls.o
 .debug_macro   0x0000000000000000      0x189 ./Src/syscalls.o
 .debug_macro   0x0000000000000000       0x16 ./Src/syscalls.o
 .debug_macro   0x0000000000000000       0xce ./Src/syscalls.o
 .debug_line    0x0000000000000000      0x7f9 ./Src/syscalls.o
 .debug_str     0x0000000000000000     0x8a26 ./Src/syscalls.o
 .comment       0x0000000000000000       0x51 ./Src/syscalls.o
 .debug_frame   0x0000000000000000      0x2ac ./Src/syscalls.o
 .ARM.attributes
                0x0000000000000000       0x2d ./Src/syscalls.o
 .group         0x0000000000000000        0xc ./Src/sysmem.o
 .group         0x0000000000000000        0xc ./Src/sysmem.o
 .group         0x0000000000000000        0xc ./Src/sysmem.o
 .group         0x0000000000000000        0xc ./Src/sysmem.o
 .group         0x0000000000000000        0xc ./Src/sysmem.o
 .group         0x0000000000000000        0xc ./Src/sysmem.o
 .group         0x0000000000000000        0xc ./Src/sysmem.o
 .group         0x0000000000000000        0xc ./Src/sysmem.o
 .group         0x0000000000000000        0xc ./Src/sysmem.o
 .group         0x0000000000000000        0xc ./Src/sysmem.o
 .group         0x0000000000000000        0xc ./Src/sysmem.o
 .group         0x0000000000000000        0xc ./Src/sysmem.o
 .group         0x0000000000000000        0xc ./Src/sysmem.o
 .group         0x0000000000000000        0xc ./Src/sysmem.o
 .group         0x0000000000000000        0xc ./Src/sysmem.o
 .group         0x0000000000000000        0xc ./Src/sysmem.o
 .group         0x0000000000000000        0xc ./Src/sysmem.o
 .group         0x0000000000000000        0xc ./Src/sysmem.o
 .group         0x0000000000000000        0xc ./Src/sysmem.o
 .group         0x0000000000000000        0xc ./Src/sysmem.o
 .group         0x0000000000000000        0xc ./Src/sysmem.o
 .group         0x0000000000000000        0xc ./Src/sysmem.o
 .text          0x0000000000000000        0x0 ./Src/sysmem.o
 .data          0x0000000000000000        0x0 ./Src/sysmem.o
 .bss           0x0000000000000000        0x0 ./Src/sysmem.o
 .bss.__sbrk_heap_end
                0x0000000000000000        0x4 ./Src/sysmem.o
 .text._sbrk    0x0000000000000000       0x6c ./Src/sysmem.o
 .debug_info    0x0000000000000000      0x171 ./Src/sysmem.o
 .debug_abbrev  0x0000000000000000       0xbb ./Src/sysmem.o
 .debug_aranges
                0x0000000000000000       0x20 ./Src/sysmem.o
 .debug_ranges  0x0000000000000000       0x10 ./Src/sysmem.o
 .debug_macro   0x0000000000000000       0xff ./Src/sysmem.o
 .debug_macro   0x0000000000000000      0xa72 ./Src/sysmem.o
 .debug_macro   0x0000000000000000       0x10 ./Src/sysmem.o
 .debug_macro   0x0000000000000000       0x22 ./Src/sysmem.o
 .debug_macro   0x0000000000000000       0x4c ./Src/sysmem.o
 .debug_macro   0x0000000000000000       0x18 ./Src/sysmem.o
 .debug_macro   0x0000000000000000       0x94 ./Src/sysmem.o
 .debug_macro   0x0000000000000000       0x3c ./Src/sysmem.o
 .debug_macro   0x0000000000000000       0x34 ./Src/sysmem.o
 .debug_macro   0x0000000000000000      0x174 ./Src/sysmem.o
 .debug_macro   0x0000000000000000       0x16 ./Src/sysmem.o
 .debug_macro   0x0000000000000000       0x43 ./Src/sysmem.o
 .debug_macro   0x0000000000000000       0x57 ./Src/sysmem.o
 .debug_macro   0x0000000000000000       0x34 ./Src/sysmem.o
 .debug_macro   0x0000000000000000       0x10 ./Src/sysmem.o
 .debug_macro   0x0000000000000000       0x58 ./Src/sysmem.o
 .debug_macro   0x0000000000000000       0x71 ./Src/sysmem.o
 .debug_macro   0x0000000000000000       0x1c ./Src/sysmem.o
 .debug_macro   0x0000000000000000      0x12a ./Src/sysmem.o
 .debug_macro   0x0000000000000000      0x23b ./Src/sysmem.o
 .debug_macro   0x0000000000000000      0x103 ./Src/sysmem.o
 .debug_macro   0x0000000000000000       0x6a ./Src/sysmem.o
 .debug_macro   0x0000000000000000      0x1df ./Src/sysmem.o
 .debug_line    0x0000000000000000      0x4ef ./Src/sysmem.o
 .debug_str     0x0000000000000000     0x5d62 ./Src/sysmem.o
 .comment       0x0000000000000000       0x51 ./Src/sysmem.o
 .debug_frame   0x0000000000000000       0x34 ./Src/sysmem.o
 .ARM.attributes
                0x0000000000000000       0x2d ./Src/sysmem.o
 .text          0x0000000000000000       0x14 ./Startup/startup_stm32f207zgtx.o
 .data          0x0000000000000000        0x0 ./Startup/startup_stm32f207zgtx.o
 .bss           0x0000000000000000        0x0 ./Startup/startup_stm32f207zgtx.o
 .text          0x0000000000000000        0x0 c:/st/stm32cubeide_1.12.1/stm32cubeide/plugins/com.st.stm32cube.ide.mcu.externaltools.gnu-tools-for-stm32.10.3-2021.10.win32_1.0.200.202301161003/tools/bin/../lib/gcc/arm-none-eabi/10.3.1/../../../../arm-none-eabi/lib/thumb/v7-m/nofp\libc_nano.a(lib_a-errno.o)
 .data          0x0000000000000000        0x0 c:/st/stm32cubeide_1.12.1/stm32cubeide/plugins/com.st.stm32cube.ide.mcu.externaltools.gnu-tools-for-stm32.10.3-2021.10.win32_1.0.200.202301161003/tools/bin/../lib/gcc/arm-none-eabi/10.3.1/../../../../arm-none-eabi/lib/thumb/v7-m/nofp\libc_nano.a(lib_a-errno.o)
 .bss           0x0000000000000000        0x0 c:/st/stm32cubeide_1.12.1/stm32cubeide/plugins/com.st.stm32cube.ide.mcu.externaltools.gnu-tools-for-stm32.10.3-2021.10.win32_1.0.200.202301161003/tools/bin/../lib/gcc/arm-none-eabi/10.3.1/../../../../arm-none-eabi/lib/thumb/v7-m/nofp\libc_nano.a(lib_a-errno.o)
 .text.__errno  0x0000000000000000        0xc c:/st/stm32cubeide_1.12.1/stm32cubeide/plugins/com.st.stm32cube.ide.mcu.externaltools.gnu-tools-for-stm32.10.3-2021.10.win32_1.0.200.202301161003/tools/bin/../lib/gcc/arm-none-eabi/10.3.1/../../../../arm-none-eabi/lib/thumb/v7-m/nofp\libc_nano.a(lib_a-errno.o)
 .debug_frame   0x0000000000000000       0x20 c:/st/stm32cubeide_1.12.1/stm32cubeide/plugins/com.st.stm32cube.ide.mcu.externaltools.gnu-tools-for-stm32.10.3-2021.10.win32_1.0.200.202301161003/tools/bin/../lib/gcc/arm-none-eabi/10.3.1/../../../../arm-none-eabi/lib/thumb/v7-m/nofp\libc_nano.a(lib_a-errno.o)
 .ARM.attributes
                0x0000000000000000       0x2d c:/st/stm32cubeide_1.12.1/stm32cubeide/plugins/com.st.stm32cube.ide.mcu.externaltools.gnu-tools-for-stm32.10.3-2021.10.win32_1.0.200.202301161003/tools/bin/../lib/gcc/arm-none-eabi/10.3.1/../../../../arm-none-eabi/lib/thumb/v7-m/nofp\libc_nano.a(lib_a-errno.o)
 .text          0x0000000000000000        0x0 c:/st/stm32cubeide_1.12.1/stm32cubeide/plugins/com.st.stm32cube.ide.mcu.externaltools.gnu-tools-for-stm32.10.3-2021.10.win32_1.0.200.202301161003/tools/bin/../lib/gcc/arm-none-eabi/10.3.1/../../../../arm-none-eabi/lib/thumb/v7-m/nofp\libc_nano.a(lib_a-exit.o)
 .data          0x0000000000000000        0x0 c:/st/stm32cubeide_1.12.1/stm32cubeide/plugins/com.st.stm32cube.ide.mcu.externaltools.gnu-tools-for-stm32.10.3-2021.10.win32_1.0.200.202301161003/tools/bin/../lib/gcc/arm-none-eabi/10.3.1/../../../../arm-none-eabi/lib/thumb/v7-m/nofp\libc_nano.a(lib_a-exit.o)
 .bss           0x0000000000000000        0x0 c:/st/stm32cubeide_1.12.1/stm32cubeide/plugins/com.st.stm32cube.ide.mcu.externaltools.gnu-tools-for-stm32.10.3-2021.10.win32_1.0.200.202301161003/tools/bin/../lib/gcc/arm-none-eabi/10.3.1/../../../../arm-none-eabi/lib/thumb/v7-m/nofp\libc_nano.a(lib_a-exit.o)
 .text.exit     0x0000000000000000       0x28 c:/st/stm32cubeide_1.12.1/stm32cubeide/plugins/com.st.stm32cube.ide.mcu.externaltools.gnu-tools-for-stm32.10.3-2021.10.win32_1.0.200.202301161003/tools/bin/../lib/gcc/arm-none-eabi/10.3.1/../../../../arm-none-eabi/lib/thumb/v7-m/nofp\libc_nano.a(lib_a-exit.o)
 .debug_frame   0x0000000000000000       0x28 c:/st/stm32cubeide_1.12.1/stm32cubeide/plugins/com.st.stm32cube.ide.mcu.externaltools.gnu-tools-for-stm32.10.3-2021.10.win32_1.0.200.202301161003/tools/bin/../lib/gcc/arm-none-eabi/10.3.1/../../../../arm-none-eabi/lib/thumb/v7-m/nofp\libc_nano.a(lib_a-exit.o)
 .ARM.attributes
                0x0000000000000000       0x2d c:/st/stm32cubeide_1.12.1/stm32cubeide/plugins/com.st.stm32cube.ide.mcu.externaltools.gnu-tools-for-stm32.10.3-2021.10.win32_1.0.200.202301161003/tools/bin/../lib/gcc/arm-none-eabi/10.3.1/../../../../arm-none-eabi/lib/thumb/v7-m/nofp\libc_nano.a(lib_a-exit.o)
 .text          0x0000000000000000        0x0 c:/st/stm32cubeide_1.12.1/stm32cubeide/plugins/com.st.stm32cube.ide.mcu.externaltools.gnu-tools-for-stm32.10.3-2021.10.win32_1.0.200.202301161003/tools/bin/../lib/gcc/arm-none-eabi/10.3.1/../../../../arm-none-eabi/lib/thumb/v7-m/nofp\libc_nano.a(lib_a-impure.o)
 .data          0x0000000000000000        0x0 c:/st/stm32cubeide_1.12.1/stm32cubeide/plugins/com.st.stm32cube.ide.mcu.externaltools.gnu-tools-for-stm32.10.3-2021.10.win32_1.0.200.202301161003/tools/bin/../lib/gcc/arm-none-eabi/10.3.1/../../../../arm-none-eabi/lib/thumb/v7-m/nofp\libc_nano.a(lib_a-impure.o)
 .bss           0x0000000000000000        0x0 c:/st/stm32cubeide_1.12.1/stm32cubeide/plugins/com.st.stm32cube.ide.mcu.externaltools.gnu-tools-for-stm32.10.3-2021.10.win32_1.0.200.202301161003/tools/bin/../lib/gcc/arm-none-eabi/10.3.1/../../../../arm-none-eabi/lib/thumb/v7-m/nofp\libc_nano.a(lib_a-impure.o)
 .data._impure_ptr
                0x0000000000000000        0x4 c:/st/stm32cubeide_1.12.1/stm32cubeide/plugins/com.st.stm32cube.ide.mcu.externaltools.gnu-tools-for-stm32.10.3-2021.10.win32_1.0.200.202301161003/tools/bin/../lib/gcc/arm-none-eabi/10.3.1/../../../../arm-none-eabi/lib/thumb/v7-m/nofp\libc_nano.a(lib_a-impure.o)
 .data.impure_data
                0x0000000000000000       0x60 c:/st/stm32cubeide_1.12.1/stm32cubeide/plugins/com.st.stm32cube.ide.mcu.externaltools.gnu-tools-for-stm32.10.3-2021.10.win32_1.0.200.202301161003/tools/bin/../lib/gcc/arm-none-eabi/10.3.1/../../../../arm-none-eabi/lib/thumb/v7-m/nofp\libc_nano.a(lib_a-impure.o)
 .rodata._global_impure_ptr
                0x0000000000000000        0x4 c:/st/stm32cubeide_1.12.1/stm32cubeide/plugins/com.st.stm32cube.ide.mcu.externaltools.gnu-tools-for-stm32.10.3-2021.10.win32_1.0.200.202301161003/tools/bin/../lib/gcc/arm-none-eabi/10.3.1/../../../../arm-none-eabi/lib/thumb/v7-m/nofp\libc_nano.a(lib_a-impure.o)
 .ARM.attributes
                0x0000000000000000       0x2d c:/st/stm32cubeide_1.12.1/stm32cubeide/plugins/com.st.stm32cube.ide.mcu.externaltools.gnu-tools-for-stm32.10.3-2021.10.win32_1.0.200.202301161003/tools/bin/../lib/gcc/arm-none-eabi/10.3.1/../../../../arm-none-eabi/lib/thumb/v7-m/nofp\libc_nano.a(lib_a-impure.o)
 .text          0x0000000000000000        0x0 c:/st/stm32cubeide_1.12.1/stm32cubeide/plugins/com.st.stm32cube.ide.mcu.externaltools.gnu-tools-for-stm32.10.3-2021.10.win32_1.0.200.202301161003/tools/bin/../lib/gcc/arm-none-eabi/10.3.1/../../../../arm-none-eabi/lib/thumb/v7-m/nofp\libc_nano.a(lib_a-init.o)
 .data          0x0000000000000000        0x0 c:/st/stm32cubeide_1.12.1/stm32cubeide/plugins/com.st.stm32cube.ide.mcu.externaltools.gnu-tools-for-stm32.10.3-2021.10.win32_1.0.200.202301161003/tools/bin/../lib/gcc/arm-none-eabi/10.3.1/../../../../arm-none-eabi/lib/thumb/v7-m/nofp\libc_nano.a(lib_a-init.o)
 .bss           0x0000000000000000        0x0 c:/st/stm32cubeide_1.12.1/stm32cubeide/plugins/com.st.stm32cube.ide.mcu.externaltools.gnu-tools-for-stm32.10.3-2021.10.win32_1.0.200.202301161003/tools/bin/../lib/gcc/arm-none-eabi/10.3.1/../../../../arm-none-eabi/lib/thumb/v7-m/nofp\libc_nano.a(lib_a-init.o)
 .text          0x0000000000000000        0x0 c:/st/stm32cubeide_1.12.1/stm32cubeide/plugins/com.st.stm32cube.ide.mcu.externaltools.gnu-tools-for-stm32.10.3-2021.10.win32_1.0.200.202301161003/tools/bin/../lib/gcc/arm-none-eabi/10.3.1/../../../../arm-none-eabi/lib/thumb/v7-m/nofp\libc_nano.a(lib_a-memset.o)
 .data          0x0000000000000000        0x0 c:/st/stm32cubeide_1.12.1/stm32cubeide/plugins/com.st.stm32cube.ide.mcu.externaltools.gnu-tools-for-stm32.10.3-2021.10.win32_1.0.200.202301161003/tools/bin/../lib/gcc/arm-none-eabi/10.3.1/../../../../arm-none-eabi/lib/thumb/v7-m/nofp\libc_nano.a(lib_a-memset.o)
 .bss           0x0000000000000000        0x0 c:/st/stm32cubeide_1.12.1/stm32cubeide/plugins/com.st.stm32cube.ide.mcu.externaltools.gnu-tools-for-stm32.10.3-2021.10.win32_1.0.200.202301161003/tools/bin/../lib/gcc/arm-none-eabi/10.3.1/../../../../arm-none-eabi/lib/thumb/v7-m/nofp\libc_nano.a(lib_a-memset.o)
 .data          0x0000000000000000        0x0 c:/st/stm32cubeide_1.12.1/stm32cubeide/plugins/com.st.stm32cube.ide.mcu.externaltools.gnu-tools-for-stm32.10.3-2021.10.win32_1.0.200.202301161003/tools/bin/../lib/gcc/arm-none-eabi/10.3.1/../../../../arm-none-eabi/lib/thumb/v7-m/nofp\libc_nano.a(lib_a-strlen.o)
 .bss           0x0000000000000000        0x0 c:/st/stm32cubeide_1.12.1/stm32cubeide/plugins/com.st.stm32cube.ide.mcu.externaltools.gnu-tools-for-stm32.10.3-2021.10.win32_1.0.200.202301161003/tools/bin/../lib/gcc/arm-none-eabi/10.3.1/../../../../arm-none-eabi/lib/thumb/v7-m/nofp\libc_nano.a(lib_a-strlen.o)
 .text          0x0000000000000000        0x0 c:/st/stm32cubeide_1.12.1/stm32cubeide/plugins/com.st.stm32cube.ide.mcu.externaltools.gnu-tools-for-stm32.10.3-2021.10.win32_1.0.200.202301161003/tools/bin/../lib/gcc/arm-none-eabi/10.3.1/thumb/v7-m/nofp/crtend.o
 .data          0x0000000000000000        0x0 c:/st/stm32cubeide_1.12.1/stm32cubeide/plugins/com.st.stm32cube.ide.mcu.externaltools.gnu-tools-for-stm32.10.3-2021.10.win32_1.0.200.202301161003/tools/bin/../lib/gcc/arm-none-eabi/10.3.1/thumb/v7-m/nofp/crtend.o
 .bss           0x0000000000000000        0x0 c:/st/stm32cubeide_1.12.1/stm32cubeide/plugins/com.st.stm32cube.ide.mcu.externaltools.gnu-tools-for-stm32.10.3-2021.10.win32_1.0.200.202301161003/tools/bin/../lib/gcc/arm-none-eabi/10.3.1/thumb/v7-m/nofp/crtend.o
 .rodata        0x0000000000000000       0x24 c:/st/stm32cubeide_1.12.1/stm32cubeide/plugins/com.st.stm32cube.ide.mcu.externaltools.gnu-tools-for-stm32.10.3-2021.10.win32_1.0.200.202301161003/tools/bin/../lib/gcc/arm-none-eabi/10.3.1/thumb/v7-m/nofp/crtend.o
 .eh_frame      0x0000000000000000        0x4 c:/st/stm32cubeide_1.12.1/stm32cubeide/plugins/com.st.stm32cube.ide.mcu.externaltools.gnu-tools-for-stm32.10.3-2021.10.win32_1.0.200.202301161003/tools/bin/../lib/gcc/arm-none-eabi/10.3.1/thumb/v7-m/nofp/crtend.o
 .ARM.attributes
                0x0000000000000000       0x2d c:/st/stm32cubeide_1.12.1/stm32cubeide/plugins/com.st.stm32cube.ide.mcu.externaltools.gnu-tools-for-stm32.10.3-2021.10.win32_1.0.200.202301161003/tools/bin/../lib/gcc/arm-none-eabi/10.3.1/thumb/v7-m/nofp/crtend.o
 .text          0x0000000000000000        0x0 c:/st/stm32cubeide_1.12.1/stm32cubeide/plugins/com.st.stm32cube.ide.mcu.externaltools.gnu-tools-for-stm32.10.3-2021.10.win32_1.0.200.202301161003/tools/bin/../lib/gcc/arm-none-eabi/10.3.1/thumb/v7-m/nofp/crtn.o
 .data          0x0000000000000000        0x0 c:/st/stm32cubeide_1.12.1/stm32cubeide/plugins/com.st.stm32cube.ide.mcu.externaltools.gnu-tools-for-stm32.10.3-2021.10.win32_1.0.200.202301161003/tools/bin/../lib/gcc/arm-none-eabi/10.3.1/thumb/v7-m/nofp/crtn.o
 .bss           0x0000000000000000        0x0 c:/st/stm32cubeide_1.12.1/stm32cubeide/plugins/com.st.stm32cube.ide.mcu.externaltools.gnu-tools-for-stm32.10.3-2021.10.win32_1.0.200.202301161003/tools/bin/../lib/gcc/arm-none-eabi/10.3.1/thumb/v7-m/nofp/crtn.o

Memory Configuration

Name             Origin             Length             Attributes
RAM              0x0000000020000000 0x0000000000020000 xrw
FLASH            0x0000000008000000 0x0000000000100000 xr
*default*        0x0000000000000000 0xffffffffffffffff

Linker script and memory map

LOAD c:/st/stm32cubeide_1.12.1/stm32cubeide/plugins/com.st.stm32cube.ide.mcu.externaltools.gnu-tools-for-stm32.10.3-2021.10.win32_1.0.200.202301161003/tools/bin/../lib/gcc/arm-none-eabi/10.3.1/thumb/v7-m/nofp/crti.o
LOAD c:/st/stm32cubeide_1.12.1/stm32cubeide/plugins/com.st.stm32cube.ide.mcu.externaltools.gnu-tools-for-stm32.10.3-2021.10.win32_1.0.200.202301161003/tools/bin/../lib/gcc/arm-none-eabi/10.3.1/thumb/v7-m/nofp/crtbegin.o
LOAD c:/st/stm32cubeide_1.12.1/stm32cubeide/plugins/com.st.stm32cube.ide.mcu.externaltools.gnu-tools-for-stm32.10.3-2021.10.win32_1.0.200.202301161003/tools/bin/../lib/gcc/arm-none-eabi/10.3.1/../../../../arm-none-eabi/lib/thumb/v7-m/nofp/crt0.o
LOAD ./Drivers/Src/STM32F207ZGxx_Gpio_Driver.o
LOAD ./Drivers/Src/STM32F207ZGxx_SPI_Driver.o
LOAD ./Src/003_spi_tx_test.o
LOAD ./Src/syscalls.o
LOAD ./Src/sysmem.o
LOAD ./Startup/startup_stm32f207zgtx.o
START GROUP
LOAD c:/st/stm32cubeide_1.12.1/stm32cubeide/plugins/com.st.stm32cube.ide.mcu.externaltools.gnu-tools-for-stm32.10.3-2021.10.win32_1.0.200.202301161003/tools/bin/../lib/gcc/arm-none-eabi/10.3.1/../../../../arm-none-eabi/lib/thumb/v7-m/nofp\libc_nano.a
LOAD c:/st/stm32cubeide_1.12.1/stm32cubeide/plugins/com.st.stm32cube.ide.mcu.externaltools.gnu-tools-for-stm32.10.3-2021.10.win32_1.0.200.202301161003/tools/bin/../lib/gcc/arm-none-eabi/10.3.1/../../../../arm-none-eabi/lib/thumb/v7-m/nofp\libm.a
END GROUP
START GROUP
LOAD c:/st/stm32cubeide_1.12.1/stm32cubeide/plugins/com.st.stm32cube.ide.mcu.externaltools.gnu-tools-for-stm32.10.3-2021.10.win32_1.0.200.202301161003/tools/bin/../lib/gcc/arm-none-eabi/10.3.1/thumb/v7-m/nofp\libgcc.a
LOAD c:/st/stm32cubeide_1.12.1/stm32cubeide/plugins/com.st.stm32cube.ide.mcu.externaltools.gnu-tools-for-stm32.10.3-2021.10.win32_1.0.200.202301161003/tools/bin/../lib/gcc/arm-none-eabi/10.3.1/../../../../arm-none-eabi/lib/thumb/v7-m/nofp\libc_nano.a
END GROUP
START GROUP
LOAD c:/st/stm32cubeide_1.12.1/stm32cubeide/plugins/com.st.stm32cube.ide.mcu.externaltools.gnu-tools-for-stm32.10.3-2021.10.win32_1.0.200.202301161003/tools/bin/../lib/gcc/arm-none-eabi/10.3.1/thumb/v7-m/nofp\libgcc.a
LOAD c:/st/stm32cubeide_1.12.1/stm32cubeide/plugins/com.st.stm32cube.ide.mcu.externaltools.gnu-tools-for-stm32.10.3-2021.10.win32_1.0.200.202301161003/tools/bin/../lib/gcc/arm-none-eabi/10.3.1/../../../../arm-none-eabi/lib/thumb/v7-m/nofp\libc_nano.a
LOAD c:/st/stm32cubeide_1.12.1/stm32cubeide/plugins/com.st.stm32cube.ide.mcu.externaltools.gnu-tools-for-stm32.10.3-2021.10.win32_1.0.200.202301161003/tools/bin/../lib/gcc/arm-none-eabi/10.3.1/../../../../arm-none-eabi/lib/thumb/v7-m/nofp\libnosys.a
END GROUP
START GROUP
LOAD c:/st/stm32cubeide_1.12.1/stm32cubeide/plugins/com.st.stm32cube.ide.mcu.externaltools.gnu-tools-for-stm32.10.3-2021.10.win32_1.0.200.202301161003/tools/bin/../lib/gcc/arm-none-eabi/10.3.1/thumb/v7-m/nofp\libgcc.a
LOAD c:/st/stm32cubeide_1.12.1/stm32cubeide/plugins/com.st.stm32cube.ide.mcu.externaltools.gnu-tools-for-stm32.10.3-2021.10.win32_1.0.200.202301161003/tools/bin/../lib/gcc/arm-none-eabi/10.3.1/../../../../arm-none-eabi/lib/thumb/v7-m/nofp\libc_nano.a
LOAD c:/st/stm32cubeide_1.12.1/stm32cubeide/plugins/com.st.stm32cube.ide.mcu.externaltools.gnu-tools-for-stm32.10.3-2021.10.win32_1.0.200.202301161003/tools/bin/../lib/gcc/arm-none-eabi/10.3.1/../../../../arm-none-eabi/lib/thumb/v7-m/nofp\libnosys.a
END GROUP
LOAD c:/st/stm32cubeide_1.12.1/stm32cubeide/plugins/com.st.stm32cube.ide.mcu.externaltools.gnu-tools-for-stm32.10.3-2021.10.win32_1.0.200.202301161003/tools/bin/../lib/gcc/arm-none-eabi/10.3.1/thumb/v7-m/nofp/crtend.o
LOAD c:/st/stm32cubeide_1.12.1/stm32cubeide/plugins/com.st.stm32cube.ide.mcu.externaltools.gnu-tools-for-stm32.10.3-2021.10.win32_1.0.200.202301161003/tools/bin/../lib/gcc/arm-none-eabi/10.3.1/thumb/v7-m/nofp/crtn.o
                0x0000000020020000                _estack = (ORIGIN (RAM) + LENGTH (RAM))
                0x0000000000000200                _Min_Heap_Size = 0x200
                0x0000000000000400                _Min_Stack_Size = 0x400

.isr_vector     0x0000000008000000      0x184
                0x0000000008000000                . = ALIGN (0x4)
 *(.isr_vector)
 .isr_vector    0x0000000008000000      0x184 ./Startup/startup_stm32f207zgtx.o
                0x0000000008000000                g_pfnVectors
                0x0000000008000184                . = ALIGN (0x4)

.text           0x0000000008000184      0x9e8
                0x0000000008000184                . = ALIGN (0x4)
 *(.text)
 .text          0x0000000008000184       0x40 c:/st/stm32cubeide_1.12.1/stm32cubeide/plugins/com.st.stm32cube.ide.mcu.externaltools.gnu-tools-for-stm32.10.3-2021.10.win32_1.0.200.202301161003/tools/bin/../lib/gcc/arm-none-eabi/10.3.1/thumb/v7-m/nofp/crtbegin.o
 .text          0x00000000080001c4       0x10 c:/st/stm32cubeide_1.12.1/stm32cubeide/plugins/com.st.stm32cube.ide.mcu.externaltools.gnu-tools-for-stm32.10.3-2021.10.win32_1.0.200.202301161003/tools/bin/../lib/gcc/arm-none-eabi/10.3.1/../../../../arm-none-eabi/lib/thumb/v7-m/nofp\libc_nano.a(lib_a-strlen.o)
                0x00000000080001c4                strlen
 *(.text*)
 .text.GPIO_PeriClkCntrl
                0x00000000080001d4      0x140 ./Drivers/Src/STM32F207ZGxx_Gpio_Driver.o
                0x00000000080001d4                GPIO_PeriClkCntrl
 .text.GPIO_Init
                0x0000000008000314      0x368 ./Drivers/Src/STM32F207ZGxx_Gpio_Driver.o
                0x0000000008000314                GPIO_Init
 .text.SPI_PeriClkCntrl
                0x000000000800067c       0xb0 ./Drivers/Src/STM32F207ZGxx_SPI_Driver.o
                0x000000000800067c                SPI_PeriClkCntrl
 .text.SPI_Init
                0x000000000800072c      0x188 ./Drivers/Src/STM32F207ZGxx_SPI_Driver.o
                0x000000000800072c                SPI_Init
 .text.SPI_GetFlagStatus
                0x00000000080008b4       0x26 ./Drivers/Src/STM32F207ZGxx_SPI_Driver.o
                0x00000000080008b4                SPI_GetFlagStatus
 .text.SPI_SendData
                0x00000000080008da       0x6e ./Drivers/Src/STM32F207ZGxx_SPI_Driver.o
                0x00000000080008da                SPI_SendData
 .text.SPI_PeripheralControl
                0x0000000008000948       0x36 ./Drivers/Src/STM32F207ZGxx_SPI_Driver.o
                0x0000000008000948                SPI_PeripheralControl
 .text.SPI_SSIConfig
                0x000000000800097e       0x36 ./Drivers/Src/STM32F207ZGxx_SPI_Driver.o
                0x000000000800097e                SPI_SSIConfig
 .text.SPI1_GPIOInits
                0x00000000080009b4       0x68 ./Src/003_spi_tx_test.o
                0x00000000080009b4                SPI1_GPIOInits
 .text.SPI1_Inits
                0x0000000008000a1c       0x44 ./Src/003_spi_tx_test.o
                0x0000000008000a1c                SPI1_Inits
 .text.main     0x0000000008000a60       0x48 ./Src/003_spi_tx_test.o
                0x0000000008000a60                main
 .text.Reset_Handler
                0x0000000008000aa8       0x50 ./Startup/startup_stm32f207zgtx.o
                0x0000000008000aa8                Reset_Handler
 .text.Default_Handler
                0x0000000008000af8        0x2 ./Startup/startup_stm32f207zgtx.o
                0x0000000008000af8                RTC_Alarm_IRQHandler
                0x0000000008000af8                HASH_RNG_IRQHandler
                0x0000000008000af8                EXTI2_IRQHandler
                0x0000000008000af8                TIM8_CC_IRQHandler
                0x0000000008000af8                DebugMon_Handler
                0x0000000008000af8                TIM1_CC_IRQHandler
                0x0000000008000af8                DMA2_Stream5_IRQHandler
                0x0000000008000af8                HardFault_Handler
                0x0000000008000af8                DMA1_Stream5_IRQHandler
                0x0000000008000af8                SysTick_Handler
                0x0000000008000af8                PVD_IRQHandler
                0x0000000008000af8                SDIO_IRQHandler
                0x0000000008000af8                TAMP_STAMP_IRQHandler
                0x0000000008000af8                PendSV_Handler
                0x0000000008000af8                NMI_Handler
                0x0000000008000af8                CAN2_RX1_IRQHandler
                0x0000000008000af8                EXTI3_IRQHandler
                0x0000000008000af8                TIM8_TRG_COM_TIM14_IRQHandler
                0x0000000008000af8                TIM1_UP_TIM10_IRQHandler
                0x0000000008000af8                TIM8_UP_TIM13_IRQHandler
                0x0000000008000af8                I2C3_ER_IRQHandler
                0x0000000008000af8                EXTI0_IRQHandler
                0x0000000008000af8                I2C2_EV_IRQHandler
                0x0000000008000af8                DMA1_Stream2_IRQHandler
                0x0000000008000af8                CAN1_RX0_IRQHandler
                0x0000000008000af8                OTG_HS_WKUP_IRQHandler
                0x0000000008000af8                UsageFault_Handler
                0x0000000008000af8                CAN2_SCE_IRQHandler
                0x0000000008000af8                DMA2_Stream2_IRQHandler
                0x0000000008000af8                SPI1_IRQHandler
                0x0000000008000af8                TIM6_DAC_IRQHandler
                0x0000000008000af8                TIM1_BRK_TIM9_IRQHandler
                0x0000000008000af8                DCMI_IRQHandler
                0x0000000008000af8                CAN2_RX0_IRQHandler
                0x0000000008000af8                DMA2_Stream3_IRQHandler
                0x0000000008000af8                USART6_IRQHandler
                0x0000000008000af8                USART3_IRQHandler
                0x0000000008000af8                CRYP_IRQHandler
                0x0000000008000af8                CAN1_RX1_IRQHandler
                0x0000000008000af8                UART5_IRQHandler
                0x0000000008000af8                DMA2_Stream0_IRQHandler
                0x0000000008000af8                TIM4_IRQHandler
                0x0000000008000af8                I2C1_EV_IRQHandler
                0x0000000008000af8                DMA1_Stream6_IRQHandler
                0x0000000008000af8                DMA1_Stream1_IRQHandler
                0x0000000008000af8                UART4_IRQHandler
                0x0000000008000af8                TIM3_IRQHandler
                0x0000000008000af8                RCC_IRQHandler
                0x0000000008000af8                TIM8_BRK_TIM12_IRQHandler
                0x0000000008000af8                Default_Handler
                0x0000000008000af8                EXTI15_10_IRQHandler
                0x0000000008000af8                ADC_IRQHandler
                0x0000000008000af8                DMA1_Stream7_IRQHandler
                0x0000000008000af8                TIM7_IRQHandler
                0x0000000008000af8                CAN2_TX_IRQHandler
                0x0000000008000af8                TIM5_IRQHandler
                0x0000000008000af8                DMA2_Stream7_IRQHandler
                0x0000000008000af8                I2C3_EV_IRQHandler
                0x0000000008000af8                EXTI9_5_IRQHandler
                0x0000000008000af8                RTC_WKUP_IRQHandler
                0x0000000008000af8                ETH_WKUP_IRQHandler
                0x0000000008000af8                SPI2_IRQHandler
                0x0000000008000af8                OTG_HS_EP1_IN_IRQHandler
                0x0000000008000af8                MemManage_Handler
                0x0000000008000af8                DMA1_Stream0_IRQHandler
                0x0000000008000af8                CAN1_TX_IRQHandler
                0x0000000008000af8                SVC_Handler
                0x0000000008000af8                EXTI4_IRQHandler
                0x0000000008000af8                FSMC_IRQHandler
                0x0000000008000af8                ETH_IRQHandler
                0x0000000008000af8                OTG_HS_EP1_OUT_IRQHandler
                0x0000000008000af8                WWDG_IRQHandler
                0x0000000008000af8                TIM2_IRQHandler
                0x0000000008000af8                OTG_FS_WKUP_IRQHandler
                0x0000000008000af8                TIM1_TRG_COM_TIM11_IRQHandler
                0x0000000008000af8                OTG_HS_IRQHandler
                0x0000000008000af8                EXTI1_IRQHandler
                0x0000000008000af8                USART2_IRQHandler
                0x0000000008000af8                I2C2_ER_IRQHandler
                0x0000000008000af8                DMA2_Stream1_IRQHandler
                0x0000000008000af8                CAN1_SCE_IRQHandler
                0x0000000008000af8                FLASH_IRQHandler
                0x0000000008000af8                DMA2_Stream4_IRQHandler
                0x0000000008000af8                BusFault_Handler
                0x0000000008000af8                USART1_IRQHandler
                0x0000000008000af8                OTG_FS_IRQHandler
                0x0000000008000af8                SPI3_IRQHandler
                0x0000000008000af8                DMA1_Stream4_IRQHandler
                0x0000000008000af8                I2C1_ER_IRQHandler
                0x0000000008000af8                DMA2_Stream6_IRQHandler
                0x0000000008000af8                DMA1_Stream3_IRQHandler
 *fill*         0x0000000008000afa        0x2 
 .text.__libc_init_array
                0x0000000008000afc       0x48 c:/st/stm32cubeide_1.12.1/stm32cubeide/plugins/com.st.stm32cube.ide.mcu.externaltools.gnu-tools-for-stm32.10.3-2021.10.win32_1.0.200.202301161003/tools/bin/../lib/gcc/arm-none-eabi/10.3.1/../../../../arm-none-eabi/lib/thumb/v7-m/nofp\libc_nano.a(lib_a-init.o)
                0x0000000008000afc                __libc_init_array
 .text.memset   0x0000000008000b44       0x10 c:/st/stm32cubeide_1.12.1/stm32cubeide/plugins/com.st.stm32cube.ide.mcu.externaltools.gnu-tools-for-stm32.10.3-2021.10.win32_1.0.200.202301161003/tools/bin/../lib/gcc/arm-none-eabi/10.3.1/../../../../arm-none-eabi/lib/thumb/v7-m/nofp\libc_nano.a(lib_a-memset.o)
                0x0000000008000b44                memset
 *(.glue_7)
 .glue_7        0x0000000008000b54        0x0 linker stubs
 *(.glue_7t)
 .glue_7t       0x0000000008000b54        0x0 linker stubs
 *(.eh_frame)
 .eh_frame      0x0000000008000b54        0x0 c:/st/stm32cubeide_1.12.1/stm32cubeide/plugins/com.st.stm32cube.ide.mcu.externaltools.gnu-tools-for-stm32.10.3-2021.10.win32_1.0.200.202301161003/tools/bin/../lib/gcc/arm-none-eabi/10.3.1/thumb/v7-m/nofp/crtbegin.o
 *(.init)
 .init          0x0000000008000b54        0x4 c:/st/stm32cubeide_1.12.1/stm32cubeide/plugins/com.st.stm32cube.ide.mcu.externaltools.gnu-tools-for-stm32.10.3-2021.10.win32_1.0.200.202301161003/tools/bin/../lib/gcc/arm-none-eabi/10.3.1/thumb/v7-m/nofp/crti.o
                0x0000000008000b54                _init
 .init          0x0000000008000b58        0x8 c:/st/stm32cubeide_1.12.1/stm32cubeide/plugins/com.st.stm32cube.ide.mcu.externaltools.gnu-tools-for-stm32.10.3-2021.10.win32_1.0.200.202301161003/tools/bin/../lib/gcc/arm-none-eabi/10.3.1/thumb/v7-m/nofp/crtn.o
 *(.fini)
 .fini          0x0000000008000b60        0x4 c:/st/stm32cubeide_1.12.1/stm32cubeide/plugins/com.st.stm32cube.ide.mcu.externaltools.gnu-tools-for-stm32.10.3-2021.10.win32_1.0.200.202301161003/tools/bin/../lib/gcc/arm-none-eabi/10.3.1/thumb/v7-m/nofp/crti.o
                0x0000000008000b60                _fini
 .fini          0x0000000008000b64        0x8 c:/st/stm32cubeide_1.12.1/stm32cubeide/plugins/com.st.stm32cube.ide.mcu.externaltools.gnu-tools-for-stm32.10.3-2021.10.win32_1.0.200.202301161003/tools/bin/../lib/gcc/arm-none-eabi/10.3.1/thumb/v7-m/nofp/crtn.o
                0x0000000008000b6c                . = ALIGN (0x4)
                0x0000000008000b6c                _etext = .

.vfp11_veneer   0x0000000008000b6c        0x0
 .vfp11_veneer  0x0000000008000b6c        0x0 linker stubs

.v4_bx          0x0000000008000b6c        0x0
 .v4_bx         0x0000000008000b6c        0x0 linker stubs

.iplt           0x0000000008000b6c        0x0
 .iplt          0x0000000008000b6c        0x0 c:/st/stm32cubeide_1.12.1/stm32cubeide/plugins/com.st.stm32cube.ide.mcu.externaltools.gnu-tools-for-stm32.10.3-2021.10.win32_1.0.200.202301161003/tools/bin/../lib/gcc/arm-none-eabi/10.3.1/thumb/v7-m/nofp/crtbegin.o

.rodata         0x0000000008000b6c        0xc
                0x0000000008000b6c                . = ALIGN (0x4)
 *(.rodata)
 .rodata        0x0000000008000b6c        0xc ./Src/003_spi_tx_test.o
 *(.rodata*)
                0x0000000008000b78                . = ALIGN (0x4)

.rel.dyn        0x0000000008000b78        0x0
 .rel.iplt      0x0000000008000b78        0x0 c:/st/stm32cubeide_1.12.1/stm32cubeide/plugins/com.st.stm32cube.ide.mcu.externaltools.gnu-tools-for-stm32.10.3-2021.10.win32_1.0.200.202301161003/tools/bin/../lib/gcc/arm-none-eabi/10.3.1/thumb/v7-m/nofp/crtbegin.o

.ARM.extab      0x0000000008000b78        0x0
                0x0000000008000b78                . = ALIGN (0x4)
 *(.ARM.extab* .gnu.linkonce.armextab.*)
                0x0000000008000b78                . = ALIGN (0x4)

.ARM            0x0000000008000b78        0x0
                0x0000000008000b78                . = ALIGN (0x4)
                0x0000000008000b78                __exidx_start = .
 *(.ARM.exidx*)
                0x0000000008000b78                __exidx_end = .
                0x0000000008000b78                . = ALIGN (0x4)

.preinit_array  0x0000000008000b78        0x0
                0x0000000008000b78                . = ALIGN (0x4)
                0x0000000008000b78                PROVIDE (__preinit_array_start = .)
 *(.preinit_array*)
                0x0000000008000b78                PROVIDE (__preinit_array_end = .)
                0x0000000008000b78                . = ALIGN (0x4)

.init_array     0x0000000008000b78        0x4
                0x0000000008000b78                . = ALIGN (0x4)
                0x0000000008000b78                PROVIDE (__init_array_start = .)
 *(SORT_BY_NAME(.init_array.*))
 *(.init_array*)
 .init_array    0x0000000008000b78        0x4 c:/st/stm32cubeide_1.12.1/stm32cubeide/plugins/com.st.stm32cube.ide.mcu.externaltools.gnu-tools-for-stm32.10.3-2021.10.win32_1.0.200.202301161003/tools/bin/../lib/gcc/arm-none-eabi/10.3.1/thumb/v7-m/nofp/crtbegin.o
                0x0000000008000b7c                PROVIDE (__init_array_end = .)
                0x0000000008000b7c                . = ALIGN (0x4)

.fini_array     0x0000000008000b7c        0x4
                0x0000000008000b7c                . = ALIGN (0x4)
                [!provide]                        PROVIDE (__fini_array_start = .)
 *(SORT_BY_NAME(.fini_array.*))
 *(.fini_array*)
 .fini_array    0x0000000008000b7c        0x4 c:/st/stm32cubeide_1.12.1/stm32cubeide/plugins/com.st.stm32cube.ide.mcu.externaltools.gnu-tools-for-stm32.10.3-2021.10.win32_1.0.200.202301161003/tools/bin/../lib/gcc/arm-none-eabi/10.3.1/thumb/v7-m/nofp/crtbegin.o
                [!provide]                        PROVIDE (__fini_array_end = .)
                0x0000000008000b80                . = ALIGN (0x4)
                0x0000000008000b80                _sidata = LOADADDR (.data)

.data           0x0000000020000000        0x0 load address 0x0000000008000b80
                0x0000000020000000                . = ALIGN (0x4)
                0x0000000020000000                _sdata = .
 *(.data)
 *(.data*)
 *(.RamFunc)
 *(.RamFunc*)
                0x0000000020000000                . = ALIGN (0x4)
                0x0000000020000000                _edata = .

.igot.plt       0x0000000020000000        0x0 load address 0x0000000008000b80
 .igot.plt      0x0000000020000000        0x0 c:/st/stm32cubeide_1.12.1/stm32cubeide/plugins/com.st.stm32cube.ide.mcu.externaltools.gnu-tools-for-stm32.10.3-2021.10.win32_1.0.200.202301161003/tools/bin/../lib/gcc/arm-none-eabi/10.3.1/thumb/v7-m/nofp/crtbegin.o
                0x0000000020000000                . = ALIGN (0x4)

.bss            0x0000000020000000       0x1c load address 0x0000000008000b80
                0x0000000020000000                _sbss = .
                0x0000000020000000                __bss_start__ = _sbss
 *(.bss)
 .bss           0x0000000020000000       0x1c c:/st/stm32cubeide_1.12.1/stm32cubeide/plugins/com.st.stm32cube.ide.mcu.externaltools.gnu-tools-for-stm32.10.3-2021.10.win32_1.0.200.202301161003/tools/bin/../lib/gcc/arm-none-eabi/10.3.1/thumb/v7-m/nofp/crtbegin.o
 *(.bss*)
 *(COMMON)
                0x000000002000001c                . = ALIGN (0x4)
                0x000000002000001c                _ebss = .
                0x000000002000001c                __bss_end__ = _ebss

._user_heap_stack
                0x000000002000001c      0x604 load address 0x0000000008000b80
                0x0000000020000020                . = ALIGN (0x8)
 *fill*         0x000000002000001c        0x4 
                [!provide]                        PROVIDE (end = .)
                0x0000000020000020                PROVIDE (_end = .)
                0x0000000020000220                . = (. + _Min_Heap_Size)
 *fill*         0x0000000020000020      0x200 
                0x0000000020000620                . = (. + _Min_Stack_Size)
 *fill*         0x0000000020000220      0x400 
                0x0000000020000620                . = ALIGN (0x8)

/DISCARD/
 libc.a(*)
 libm.a(*)
 libgcc.a(*)

.ARM.attributes
                0x0000000000000000       0x29
 *(.ARM.attributes)
 .ARM.attributes
                0x0000000000000000       0x1d c:/st/stm32cubeide_1.12.1/stm32cubeide/plugins/com.st.stm32cube.ide.mcu.externaltools.gnu-tools-for-stm32.10.3-2021.10.win32_1.0.200.202301161003/tools/bin/../lib/gcc/arm-none-eabi/10.3.1/thumb/v7-m/nofp/crti.o
 .ARM.attributes
                0x000000000000001d       0x2d c:/st/stm32cubeide_1.12.1/stm32cubeide/plugins/com.st.stm32cube.ide.mcu.externaltools.gnu-tools-for-stm32.10.3-2021.10.win32_1.0.200.202301161003/tools/bin/../lib/gcc/arm-none-eabi/10.3.1/thumb/v7-m/nofp/crtbegin.o
 .ARM.attributes
                0x000000000000004a       0x2d ./Drivers/Src/STM32F207ZGxx_Gpio_Driver.o
 .ARM.attributes
                0x0000000000000077       0x2d ./Drivers/Src/STM32F207ZGxx_SPI_Driver.o
 .ARM.attributes
                0x00000000000000a4       0x2d ./Src/003_spi_tx_test.o
 .ARM.attributes
                0x00000000000000d1       0x21 ./Startup/startup_stm32f207zgtx.o
 .ARM.attributes
                0x00000000000000f2       0x2d c:/st/stm32cubeide_1.12.1/stm32cubeide/plugins/com.st.stm32cube.ide.mcu.externaltools.gnu-tools-for-stm32.10.3-2021.10.win32_1.0.200.202301161003/tools/bin/../lib/gcc/arm-none-eabi/10.3.1/../../../../arm-none-eabi/lib/thumb/v7-m/nofp\libc_nano.a(lib_a-init.o)
 .ARM.attributes
                0x000000000000011f       0x2d c:/st/stm32cubeide_1.12.1/stm32cubeide/plugins/com.st.stm32cube.ide.mcu.externaltools.gnu-tools-for-stm32.10.3-2021.10.win32_1.0.200.202301161003/tools/bin/../lib/gcc/arm-none-eabi/10.3.1/../../../../arm-none-eabi/lib/thumb/v7-m/nofp\libc_nano.a(lib_a-memset.o)
 .ARM.attributes
                0x000000000000014c       0x17 c:/st/stm32cubeide_1.12.1/stm32cubeide/plugins/com.st.stm32cube.ide.mcu.externaltools.gnu-tools-for-stm32.10.3-2021.10.win32_1.0.200.202301161003/tools/bin/../lib/gcc/arm-none-eabi/10.3.1/../../../../arm-none-eabi/lib/thumb/v7-m/nofp\libc_nano.a(lib_a-strlen.o)
 .ARM.attributes
                0x0000000000000163       0x1d c:/st/stm32cubeide_1.12.1/stm32cubeide/plugins/com.st.stm32cube.ide.mcu.externaltools.gnu-tools-for-stm32.10.3-2021.10.win32_1.0.200.202301161003/tools/bin/../lib/gcc/arm-none-eabi/10.3.1/thumb/v7-m/nofp/crtn.o
OUTPUT(002_Drivers.elf elf32-littlearm)
LOAD linker stubs
LOAD c:/st/stm32cubeide_1.12.1/stm32cubeide/plugins/com.st.stm32cube.ide.mcu.externaltools.gnu-tools-for-stm32.10.3-2021.10.win32_1.0.200.202301161003/tools/bin/../lib/gcc/arm-none-eabi/10.3.1/../../../../arm-none-eabi/lib/thumb/v7-m/nofp\libc.a
LOAD c:/st/stm32cubeide_1.12.1/stm32cubeide/plugins/com.st.stm32cube.ide.mcu.externaltools.gnu-tools-for-stm32.10.3-2021.10.win32_1.0.200.202301161003/tools/bin/../lib/gcc/arm-none-eabi/10.3.1/../../../../arm-none-eabi/lib/thumb/v7-m/nofp\libm.a
LOAD c:/st/stm32cubeide_1.12.1/stm32cubeide/plugins/com.st.stm32cube.ide.mcu.externaltools.gnu-tools-for-stm32.10.3-2021.10.win32_1.0.200.202301161003/tools/bin/../lib/gcc/arm-none-eabi/10.3.1/thumb/v7-m/nofp\libgcc.a

.debug_info     0x0000000000000000     0x120f
 .debug_info    0x0000000000000000      0x75a ./Drivers/Src/STM32F207ZGxx_Gpio_Driver.o
 .debug_info    0x000000000000075a      0x62d ./Drivers/Src/STM32F207ZGxx_SPI_Driver.o
 .debug_info    0x0000000000000d87      0x466 ./Src/003_spi_tx_test.o
 .debug_info    0x00000000000011ed       0x22 ./Startup/startup_stm32f207zgtx.o

.debug_abbrev   0x0000000000000000      0x406
 .debug_abbrev  0x0000000000000000      0x173 ./Drivers/Src/STM32F207ZGxx_Gpio_Driver.o
 .debug_abbrev  0x0000000000000173      0x14e ./Drivers/Src/STM32F207ZGxx_SPI_Driver.o
 .debug_abbrev  0x00000000000002c1      0x133 ./Src/003_spi_tx_test.o
 .debug_abbrev  0x00000000000003f4       0x12 ./Startup/startup_stm32f207zgtx.o

.debug_aranges  0x0000000000000000      0x140
 .debug_aranges
                0x0000000000000000       0x70 ./Drivers/Src/STM32F207ZGxx_Gpio_Driver.o
 .debug_aranges
                0x0000000000000070       0x78 ./Drivers/Src/STM32F207ZGxx_SPI_Driver.o
 .debug_aranges
                0x00000000000000e8       0x30 ./Src/003_spi_tx_test.o
 .debug_aranges
                0x0000000000000118       0x28 ./Startup/startup_stm32f207zgtx.o

.debug_ranges   0x0000000000000000      0x108
 .debug_ranges  0x0000000000000000       0x60 ./Drivers/Src/STM32F207ZGxx_Gpio_Driver.o
 .debug_ranges  0x0000000000000060       0x68 ./Drivers/Src/STM32F207ZGxx_SPI_Driver.o
 .debug_ranges  0x00000000000000c8       0x20 ./Src/003_spi_tx_test.o
 .debug_ranges  0x00000000000000e8       0x20 ./Startup/startup_stm32f207zgtx.o

.debug_macro    0x0000000000000000     0x21ea
 .debug_macro   0x0000000000000000      0x14e ./Drivers/Src/STM32F207ZGxx_Gpio_Driver.o
 .debug_macro   0x000000000000014e      0xa72 ./Drivers/Src/STM32F207ZGxx_Gpio_Driver.o
 .debug_macro   0x0000000000000bc0       0x22 ./Drivers/Src/STM32F207ZGxx_Gpio_Driver.o
 .debug_macro   0x0000000000000be2       0x4c ./Drivers/Src/STM32F207ZGxx_Gpio_Driver.o
 .debug_macro   0x0000000000000c2e       0x18 ./Drivers/Src/STM32F207ZGxx_Gpio_Driver.o
 .debug_macro   0x0000000000000c46       0x94 ./Drivers/Src/STM32F207ZGxx_Gpio_Driver.o
 .debug_macro   0x0000000000000cda       0x3c ./Drivers/Src/STM32F207ZGxx_Gpio_Driver.o
 .debug_macro   0x0000000000000d16       0x34 ./Drivers/Src/STM32F207ZGxx_Gpio_Driver.o
 .debug_macro   0x0000000000000d4a      0x174 ./Drivers/Src/STM32F207ZGxx_Gpio_Driver.o
 .debug_macro   0x0000000000000ebe       0x16 ./Drivers/Src/STM32F207ZGxx_Gpio_Driver.o
 .debug_macro   0x0000000000000ed4       0x43 ./Drivers/Src/STM32F207ZGxx_Gpio_Driver.o
 .debug_macro   0x0000000000000f17       0x57 ./Drivers/Src/STM32F207ZGxx_Gpio_Driver.o
 .debug_macro   0x0000000000000f6e       0x34 ./Drivers/Src/STM32F207ZGxx_Gpio_Driver.o
 .debug_macro   0x0000000000000fa2       0x10 ./Drivers/Src/STM32F207ZGxx_Gpio_Driver.o
 .debug_macro   0x0000000000000fb2       0x58 ./Drivers/Src/STM32F207ZGxx_Gpio_Driver.o
 .debug_macro   0x000000000000100a       0x71 ./Drivers/Src/STM32F207ZGxx_Gpio_Driver.o
 .debug_macro   0x000000000000107b       0x1c ./Drivers/Src/STM32F207ZGxx_Gpio_Driver.o
 .debug_macro   0x0000000000001097      0x12a ./Drivers/Src/STM32F207ZGxx_Gpio_Driver.o
 .debug_macro   0x00000000000011c1      0x341 ./Drivers/Src/STM32F207ZGxx_Gpio_Driver.o
 .debug_macro   0x0000000000001502       0x10 ./Drivers/Src/STM32F207ZGxx_Gpio_Driver.o
 .debug_macro   0x0000000000001512       0x35 ./Drivers/Src/STM32F207ZGxx_Gpio_Driver.o
 .debug_macro   0x0000000000001547       0x20 ./Drivers/Src/STM32F207ZGxx_Gpio_Driver.o
 .debug_macro   0x0000000000001567      0x103 ./Drivers/Src/STM32F207ZGxx_Gpio_Driver.o
 .debug_macro   0x000000000000166a       0x6a ./Drivers/Src/STM32F207ZGxx_Gpio_Driver.o
 .debug_macro   0x00000000000016d4      0x1df ./Drivers/Src/STM32F207ZGxx_Gpio_Driver.o
 .debug_macro   0x00000000000018b3      0x4a0 ./Drivers/Src/STM32F207ZGxx_Gpio_Driver.o
 .debug_macro   0x0000000000001d53       0xc4 ./Drivers/Src/STM32F207ZGxx_Gpio_Driver.o
 .debug_macro   0x0000000000001e17      0x14e ./Drivers/Src/STM32F207ZGxx_SPI_Driver.o
 .debug_macro   0x0000000000001f65       0x94 ./Drivers/Src/STM32F207ZGxx_SPI_Driver.o
 .debug_macro   0x0000000000001ff9      0x157 ./Src/003_spi_tx_test.o
 .debug_macro   0x0000000000002150       0x9a ./Src/003_spi_tx_test.o

.debug_line     0x0000000000000000     0x1a0c
 .debug_line    0x0000000000000000      0xb0a ./Drivers/Src/STM32F207ZGxx_Gpio_Driver.o
 .debug_line    0x0000000000000b0a      0x884 ./Drivers/Src/STM32F207ZGxx_SPI_Driver.o
 .debug_line    0x000000000000138e      0x5fa ./Src/003_spi_tx_test.o
 .debug_line    0x0000000000001988       0x84 ./Startup/startup_stm32f207zgtx.o

.debug_str      0x0000000000000000     0x8ff5
 .debug_str     0x0000000000000000     0x8b80 ./Drivers/Src/STM32F207ZGxx_Gpio_Driver.o
                                       0x8d8b (size before relaxing)
 .debug_str     0x0000000000008b80      0x3e0 ./Drivers/Src/STM32F207ZGxx_SPI_Driver.o
                                       0x8cd4 (size before relaxing)
 .debug_str     0x0000000000008f60       0x64 ./Src/003_spi_tx_test.o
                                       0x8e52 (size before relaxing)
 .debug_str     0x0000000000008fc4       0x31 ./Startup/startup_stm32f207zgtx.o
                                         0x61 (size before relaxing)

.comment        0x0000000000000000       0x50
 .comment       0x0000000000000000       0x50 ./Drivers/Src/STM32F207ZGxx_Gpio_Driver.o
                                         0x51 (size before relaxing)
 .comment       0x0000000000000050       0x51 ./Drivers/Src/STM32F207ZGxx_SPI_Driver.o
 .comment       0x0000000000000050       0x51 ./Src/003_spi_tx_test.o

.debug_frame    0x0000000000000000      0x470
 .debug_frame   0x0000000000000000      0x1c8 ./Drivers/Src/STM32F207ZGxx_Gpio_Driver.o
 .debug_frame   0x00000000000001c8      0x1e4 ./Drivers/Src/STM32F207ZGxx_SPI_Driver.o
 .debug_frame   0x00000000000003ac       0x78 ./Src/003_spi_tx_test.o
 .debug_frame   0x0000000000000424       0x2c c:/st/stm32cubeide_1.12.1/stm32cubeide/plugins/com.st.stm32cube.ide.mcu.externaltools.gnu-tools-for-stm32.10.3-2021.10.win32_1.0.200.202301161003/tools/bin/../lib/gcc/arm-none-eabi/10.3.1/../../../../arm-none-eabi/lib/thumb/v7-m/nofp\libc_nano.a(lib_a-init.o)
 .debug_frame   0x0000000000000450       0x20 c:/st/stm32cubeide_1.12.1/stm32cubeide/plugins/com.st.stm32cube.ide.mcu.externaltools.gnu-tools-for-stm32.10.3-2021.10.win32_1.0.200.202301161003/tools/bin/../lib/gcc/arm-none-eabi/10.3.1/../../../../arm-none-eabi/lib/thumb/v7-m/nofp\libc_nano.a(lib_a-memset.o)
